** Drc report for LoRa-V3-Mini-PCB.kicad_pcb **
** Created on 2024-10-09T13:08:30+0000 **

** Found 20 DRC violations **
[via_dangling]: Via is not connected or connected on only one layer
    ; warning (excluded)
    @(130.41 mm, 107.25 mm): Via [3.3V-Switched] on F.Cu - B.Cu
[missing_courtyard]: Footprint has no courtyard defined
    ; warning (excluded)
    @(172.91 mm, 100.75 mm): Footprint G***
[lib_footprint_issues]: The current configuration does not include the library '1GlobalFootprintsLibrary'.
    ; warning
    @(135.91 mm, 103.25 mm): Footprint C10
[lib_footprint_issues]: The current configuration does not include the library '1GlobalFootprintsLibrary'.
    ; warning
    @(135.91 mm, 107.75 mm): Footprint R1
[lib_footprint_issues]: The current configuration does not include the library '1GlobalFootprintsLibrary'.
    ; warning
    @(135.91 mm, 101.75 mm): Footprint R4
[lib_footprint_issues]: The current configuration does not include the library '1GlobalFootprintsLibrary'.
    ; warning
    @(130.41 mm, 108.5 mm): Footprint U3
[lib_footprint_issues]: The current configuration does not include the library '1GlobalFootprintsLibrary'.
    ; warning
    @(130.41 mm, 105.25 mm): Footprint U4
[lib_footprint_issues]: The current configuration does not include the library '1GlobalFootprintsLibrary'.
    ; warning
    @(135.91 mm, 110.75 mm): Footprint R2
[lib_footprint_issues]: The current configuration does not include the library '1GlobalFootprintsLibrary'.
    ; warning
    @(140.66 mm, 97.0 mm): Footprint C11
[lib_footprint_issues]: The current configuration does not include the library '1GlobalFootprintsLibrary'.
    ; warning
    @(139.16 mm, 101.75 mm): Footprint Q1
[lib_footprint_issues]: The current configuration does not include the library '1GlobalFootprintsLibrary'.
    ; warning
    @(133.66 mm, 97.5 mm): Footprint C5
[lib_footprint_issues]: The current configuration does not include the library '1GlobalFootprintsLibrary'.
    ; warning
    @(142.16 mm, 97.0 mm): Footprint C3
[lib_footprint_issues]: The current configuration does not include the library '1GlobalFootprintsLibrary'.
    ; warning
    @(171.91 mm, 107.25 mm): Footprint ANT1
[lib_footprint_issues]: The current configuration does not include the library '1GlobalFootprintsLibrary'.
    ; warning
    @(137.16 mm, 97.5 mm): Footprint SW2
[lib_footprint_issues]: The current configuration does not include the library '1GlobalFootprintsLibrary'.
    ; warning
    @(150.91 mm, 103.5 mm): Footprint U1
[lib_footprint_issues]: The current configuration does not include the library '1GlobalFootprintsLibrary'.
    ; warning
    @(135.91 mm, 109.25 mm): Footprint R3
[lib_footprint_issues]: The current configuration does not include the library '1GlobalFootprintsLibrary'.
    ; warning
    @(139.16 mm, 107.75 mm): Footprint U2
[lib_footprint_issues]: The current configuration does not include the library '1GlobalFootprintsLibrary'.
    ; warning
    @(135.91 mm, 104.75 mm): Footprint C2
[lib_footprint_issues]: The current configuration does not include the library '1GlobalFootprintsLibrary'.
    ; warning
    @(135.91 mm, 106.25 mm): Footprint C1
[lib_footprint_issues]: The current configuration does not include the library '1GlobalFootprintsLibrary'.
    ; warning
    @(172.91 mm, 100.75 mm): Footprint G***

** Found 0 unconnected pads **

** Found 0 Footprint errors **

** End of Report **
